[   26190ms] [ERROR] ./components/learning/category-breakdown.tsx
Error:   x Expected '</', got 'jsx text (
  |     )'
    ,-[/Users/alecsibilia/Github/luca-framework/packages/luca-observer/components/learning/category-breakdown.tsx:74:1]
 71 |                 </div>
 72 |               );
 73 |             })}
 74 | ,->       </div>
 75 | `->     </div>
 76 |       );
 77 |     }
    `----

Caused by:
    Syntax Error

Import trace for requested module:
./components/learning/category-breakdown.tsx
./app/learning/page.tsx @ webpack-internal:///(app-pages-browser)/../../node_modules/next/dist/next-devtools/userspace/app/errors/intercept-console-error.js:56
[   26339ms] [ERROR] ./components/learning/category-breakdown.tsx
Error:   x Expected '</', got 'jsx text (
  |     )'
    ,-[/Users/alecsibilia/Github/luca-framework/packages/luca-observer/components/learning/category-breakdown.tsx:74:1]
 71 |                 </div>
 72 |               );
 73 |             })}
 74 | ,->       </div>
 75 | `->     </div>
 76 |       );
 77 |     }
    `----

Caused by:
    Syntax Error

Import trace for requested module:
./components/learning/category-breakdown.tsx
./app/learning/page.tsx @ webpack-internal:///(app-pages-browser)/../../node_modules/next/dist/next-devtools/userspace/app/errors/intercept-console-error.js:56
[   27597ms] [ERROR] ./components/learning/category-breakdown.tsx
Error:   x Expected '</', got 'jsx text (
  |     )'
    ,-[/Users/alecsibilia/Github/luca-framework/packages/luca-observer/components/learning/category-breakdown.tsx:74:1]
 71 |                 </div>
 72 |               );
 73 |             })}
 74 | ,->       </div>
 75 | `->     </div>
 76 |       );
 77 |     }
    `----

Caused by:
    Syntax Error

Import trace for requested module:
./components/learning/category-breakdown.tsx
./app/learning/page.tsx @ webpack-internal:///(app-pages-browser)/../../node_modules/next/dist/next-devtools/userspace/app/errors/intercept-console-error.js:56
[   68120ms] [ERROR] ./components/contradictions/contradiction-card.tsx
Error:   x Expected '</', got 'jsx text (
  |     )'
    ,-[/Users/alecsibilia/Github/luca-framework/packages/luca-observer/components/contradictions/contradiction-card.tsx:88:1]
 85 |                 </Link>
 86 |               </div>
 87 |             </div>
 88 | ,->       </div>
 89 | `->     </div>
 90 |       );
 91 |     }
    `----

Caused by:
    Syntax Error

Import trace for requested module:
./components/contradictions/contradiction-card.tsx
./components/contradictions/contradiction-list.tsx
./app/contradictions/page.tsx @ webpack-internal:///(app-pages-browser)/../../node_modules/next/dist/next-devtools/userspace/app/errors/intercept-console-error.js:56
[   69101ms] [ERROR] ./components/contradictions/contradiction-card.tsx
Error:   x Expected '</', got 'jsx text (
  |     )'
    ,-[/Users/alecsibilia/Github/luca-framework/packages/luca-observer/components/contradictions/contradiction-card.tsx:88:1]
 85 |                 </Link>
 86 |               </div>
 87 |             </div>
 88 | ,->       </div>
 89 | `->     </div>
 90 |       );
 91 |     }
    `----

Caused by:
    Syntax Error

Import trace for requested module:
./components/contradictions/contradiction-card.tsx
./components/contradictions/contradiction-list.tsx
./app/contradictions/page.tsx @ webpack-internal:///(app-pages-browser)/../../node_modules/next/dist/next-devtools/userspace/app/errors/intercept-console-error.js:56
[   74739ms] [ERROR] ./components/semantic-search/search-result-card.tsx
Error:   x Unexpected token. Did you mean `{'}'}` or `&rbrace;`?
     ,-[/Users/alecsibilia/Github/luca-framework/packages/luca-observer/components/semantic-search/search-result-card.tsx:131:1]
 128 |       )}
 129 |     </div>
 130 |   );
 131 | }
     : ^
     `----
  x Expected '</', got 'jsx text (
  |   );
  | }
  | )'
     ,-[/Users/alecsibilia/Github/luca-framework/packages/luca-observer/components/semantic-search/search-result-card.tsx:129:1]
 126 |           {expanded && result.explain && (
 127 |             <ScoreBreakdown explain={result.explain} />
 128 |           )}
 129 | ,->     </div>
 130 | |     );
 131 | `-> }
     `----

Caused by:
    Syntax Error

Import trace for requested module:
./components/semantic-search/search-result-card.tsx
./components/semantic-search/search-results.tsx
./app/semantic-search/page.tsx @ webpack-internal:///(app-pages-browser)/../../node_modules/next/dist/next-devtools/userspace/app/errors/intercept-console-error.js:56
[  129988ms] [ERROR] ./components/decisions/decision-list.tsx
Error:   x Expected corresponding JSX closing tag for <Card>
     ,-[/Users/alecsibilia/Github/luca-framework/packages/luca-observer/components/decisions/decision-list.tsx:114:1]
 111 |           ))
 112 |         )}
 113 |       </div>
 114 |     </div>
     :       ^^^
 115 |   );
 116 | }
     `----

Caused by:
    Syntax Error

Import trace for requested module:
./components/decisions/decision-list.tsx
./app/decisions/page.tsx @ webpack-internal:///(app-pages-browser)/../../node_modules/next/dist/next-devtools/userspace/app/errors/intercept-console-error.js:56
[  133323ms] [ERROR] ./components/decisions/decision-list.tsx
Error:   x Expected corresponding JSX closing tag for <Card>
     ,-[/Users/alecsibilia/Github/luca-framework/packages/luca-observer/components/decisions/decision-list.tsx:114:1]
 111 |           ))
 112 |         )}
 113 |       </div>
 114 |     </div>
     :       ^^^
 115 |   );
 116 | }
     `----

Caused by:
    Syntax Error

Import trace for requested module:
./components/decisions/decision-list.tsx
./app/decisions/page.tsx @ webpack-internal:///(app-pages-browser)/../../node_modules/next/dist/next-devtools/userspace/app/errors/intercept-console-error.js:56
[  133323ms] [ERROR] ./components/memory/brain-panel.tsx
Error:   x Expected corresponding JSX closing tag for <Card>
    ,-[/Users/alecsibilia/Github/luca-framework/packages/luca-observer/components/memory/brain-panel.tsx:58:1]
 55 |           <BrainEngram key={item.id} item={item} />
 56 |         ))}
 57 |       </div>
 58 |     </div>
    :       ^^^
 59 |   );
 60 | }
    `----

Caused by:
    Syntax Error

Import trace for requested module:
./components/memory/brain-panel.tsx
./app/memory/page.tsx @ webpack-internal:///(app-pages-browser)/../../node_modules/next/dist/next-devtools/userspace/app/errors/intercept-console-error.js:56
[  133809ms] [ERROR] ./components/memory/brain-panel.tsx
Error:   x Expected corresponding JSX closing tag for <Card>
    ,-[/Users/alecsibilia/Github/luca-framework/packages/luca-observer/components/memory/brain-panel.tsx:58:1]
 55 |           <BrainEngram key={item.id} item={item} />
 56 |         ))}
 57 |       </div>
 58 |     </div>
    :       ^^^
 59 |   );
 60 | }
    `----

Caused by:
    Syntax Error

Import trace for requested module:
./components/memory/brain-panel.tsx
./app/memory/page.tsx @ webpack-internal:///(app-pages-browser)/../../node_modules/next/dist/next-devtools/userspace/app/errors/intercept-console-error.js:56
[  142873ms] [ERROR] ./components/decisions/decision-list.tsx
Error:   x Expected corresponding JSX closing tag for <Card>
     ,-[/Users/alecsibilia/Github/luca-framework/packages/luca-observer/components/decisions/decision-list.tsx:114:1]
 111 |           ))
 112 |         )}
 113 |       </div>
 114 |     </div>
     :       ^^^
 115 |   );
 116 | }
     `----

Caused by:
    Syntax Error

Import trace for requested module:
./components/decisions/decision-list.tsx
./app/decisions/page.tsx @ webpack-internal:///(app-pages-browser)/../../node_modules/next/dist/next-devtools/userspace/app/errors/intercept-console-error.js:56
[  142873ms] [ERROR] ./components/memory/brain-panel.tsx
Error:   x Expected corresponding JSX closing tag for <Card>
    ,-[/Users/alecsibilia/Github/luca-framework/packages/luca-observer/components/memory/brain-panel.tsx:58:1]
 55 |           <BrainEngram key={item.id} item={item} />
 56 |         ))}
 57 |       </div>
 58 |     </div>
    :       ^^^
 59 |   );
 60 | }
    `----

Caused by:
    Syntax Error

Import trace for requested module:
./components/memory/brain-panel.tsx
./app/memory/page.tsx @ webpack-internal:///(app-pages-browser)/../../node_modules/next/dist/next-devtools/userspace/app/errors/intercept-console-error.js:56
[  143124ms] [ERROR] ./components/decisions/decision-list.tsx
Error:   x Expected corresponding JSX closing tag for <Card>
     ,-[/Users/alecsibilia/Github/luca-framework/packages/luca-observer/components/decisions/decision-list.tsx:114:1]
 111 |           ))
 112 |         )}
 113 |       </div>
 114 |     </div>
     :       ^^^
 115 |   );
 116 | }
     `----

Caused by:
    Syntax Error

Import trace for requested module:
./components/decisions/decision-list.tsx
./app/decisions/page.tsx @ webpack-internal:///(app-pages-browser)/../../node_modules/next/dist/next-devtools/userspace/app/errors/intercept-console-error.js:56
